Using pre-set license
Built from '2020.3/staging' branch; Version is '2020.3.33f1 (915a7af8b0d5) revision 9525882'; Using compiler version '192528614'; Build Type 'Release'
OS: 'Windows 10  (10.0.19044) 64bit Professional' Language: 'en' Physical Memory: 32551 MB
BatchMode: 1, IsHumanControllingUs: 0, StartBugReporterOnCrash: 0, Is64bit: 1, IsPro: 0

COMMAND LINE ARGUMENTS:
C:\Program Files\Unity\Hub\Editor\2020.3.33f1\Editor\Unity.exe
-adb2
-batchMode
-noUpm
-name
AssetImportWorker0
-projectPath
C:/Users/Alexander/Desktop/UNITY/AnalyticsTool/AnalyticsToolMainWorking/AnalyticsToolMainWorking
-logFile
Logs/AssetImportWorker0.log
-srvPort
51808
Successfully changed project path to: C:/Users/Alexander/Desktop/UNITY/AnalyticsTool/AnalyticsToolMainWorking/AnalyticsToolMainWorking
C:/Users/Alexander/Desktop/UNITY/AnalyticsTool/AnalyticsToolMainWorking/AnalyticsToolMainWorking
Using Asset Import Pipeline V2.
Refreshing native plugins compatible for Editor in 63.92 ms, found 2 plugins.
Preloading 0 native plugins for Editor in 0.00 ms.
Initialize engine version: 2020.3.33f1 (915a7af8b0d5)
[Subsystems] Discovering subsystems at path C:/Program Files/Unity/Hub/Editor/2020.3.33f1/Editor/Data/Resources/UnitySubsystems
[Subsystems] Discovering subsystems at path C:/Users/Alexander/Desktop/UNITY/AnalyticsTool/AnalyticsToolMainWorking/AnalyticsToolMainWorking/Assets
GfxDevice: creating device client; threaded=0
Direct3D:
    Version:  Direct3D 11.0 [level 11.1]
    Renderer: Intel(R) Iris(R) Xe Graphics (ID=0x9a49)
    Vendor:   
    VRAM:     16275 MB
    Driver:   31.0.101.1999
Initialize mono
Mono path[0] = 'C:/Program Files/Unity/Hub/Editor/2020.3.33f1/Editor/Data/Managed'
Mono path[1] = 'C:/Program Files/Unity/Hub/Editor/2020.3.33f1/Editor/Data/MonoBleedingEdge/lib/mono/unityjit'
Mono config path = 'C:/Program Files/Unity/Hub/Editor/2020.3.33f1/Editor/Data/MonoBleedingEdge/etc'
Using monoOptions --debugger-agent=transport=dt_socket,embedding=1,server=y,suspend=n,address=127.0.0.1:56748
Begin MonoManager ReloadAssembly
Registering precompiled unity dll's ...
Register platform support module: C:/Program Files/Unity/Hub/Editor/2020.3.33f1/Editor/Data/PlaybackEngines/WebGLSupport/UnityEditor.WebGL.Extensions.dll
Register platform support module: C:/Program Files/Unity/Hub/Editor/2020.3.33f1/Editor/Data/PlaybackEngines/WindowsStandaloneSupport/UnityEditor.WindowsStandalone.Extensions.dll
Registered in 0.003721 seconds.
Native extension for WindowsStandalone target not found
Native extension for WebGL target not found
Refreshing native plugins compatible for Editor in 52.17 ms, found 2 plugins.
Preloading 0 native plugins for Editor in 0.00 ms.
Mono: successfully reloaded assembly
- Completed reload, in  0.831 seconds
Domain Reload Profiling:
	ReloadAssembly (831ms)
		BeginReloadAssembly (72ms)
			ExecutionOrderSort (0ms)
			DisableScriptedObjects (0ms)
			BackupInstance (0ms)
			ReleaseScriptingObjects (0ms)
			CreateAndSetChildDomain (1ms)
		EndReloadAssembly (658ms)
			LoadAssemblies (71ms)
			RebuildTransferFunctionScriptingTraits (0ms)
			SetupTypeCache (231ms)
			ReleaseScriptCaches (0ms)
			RebuildScriptCaches (45ms)
			SetupLoadedEditorAssemblies (251ms)
				LogAssemblyErrors (0ms)
				InitializePlatformSupportModulesInManaged (5ms)
				SetLoadedEditorAssemblies (0ms)
				RefreshPlugins (52ms)
				BeforeProcessingInitializeOnLoad (26ms)
				ProcessInitializeOnLoadAttributes (127ms)
				ProcessInitializeOnLoadMethodAttributes (41ms)
				AfterProcessingInitializeOnLoad (0ms)
				EditorAssembliesLoaded (0ms)
			ExecutionOrderSort2 (0ms)
			AwakeInstancesAfterBackupRestoration (0ms)
Platform modules already initialized, skipping
Registering precompiled user dll's ...
Registered in 0.006190 seconds.
Begin MonoManager ReloadAssembly
Symbol file LoadedFromMemory doesn't match image C:\Users\Alexander\Desktop\UNITY\AnalyticsTool\AnalyticsToolMainWorking\AnalyticsToolMainWorking\Library\PackageCache\com.unity.collab-proxy@1.15.15\Lib\Editor\PlasticSCM\unityplastic.dll
Native extension for WindowsStandalone target not found
Native extension for WebGL target not found
Refreshing native plugins compatible for Editor in 0.60 ms, found 2 plugins.
Preloading 0 native plugins for Editor in 0.00 ms.
Mono: successfully reloaded assembly
- Completed reload, in  1.474 seconds
Domain Reload Profiling:
	ReloadAssembly (1475ms)
		BeginReloadAssembly (177ms)
			ExecutionOrderSort (0ms)
			DisableScriptedObjects (7ms)
			BackupInstance (0ms)
			ReleaseScriptingObjects (0ms)
			CreateAndSetChildDomain (27ms)
		EndReloadAssembly (1215ms)
			LoadAssemblies (113ms)
			RebuildTransferFunctionScriptingTraits (0ms)
			SetupTypeCache (369ms)
			ReleaseScriptCaches (1ms)
			RebuildScriptCaches (96ms)
			SetupLoadedEditorAssemblies (534ms)
				LogAssemblyErrors (0ms)
				InitializePlatformSupportModulesInManaged (6ms)
				SetLoadedEditorAssemblies (0ms)
				RefreshPlugins (1ms)
				BeforeProcessingInitializeOnLoad (142ms)
				ProcessInitializeOnLoadAttributes (269ms)
				ProcessInitializeOnLoadMethodAttributes (111ms)
				AfterProcessingInitializeOnLoad (4ms)
				EditorAssembliesLoaded (0ms)
			ExecutionOrderSort2 (0ms)
			AwakeInstancesAfterBackupRestoration (6ms)
Platform modules already initialized, skipping
========================================================================
Worker process is ready to serve import requests
Launched and connected shader compiler UnityShaderCompiler.exe after 0.05 seconds
Refreshing native plugins compatible for Editor in 0.54 ms, found 2 plugins.
Preloading 0 native plugins for Editor in 0.00 ms.
Unloading 2299 Unused Serialized files (Serialized files now loaded: 0)
System memory in use before: 92.4 MB.
System memory in use after: 92.6 MB.

Unloading 59 unused Assets to reduce memory usage. Loaded Objects now: 2703.
Total: 4.424300 ms (FindLiveObjects: 0.117600 ms CreateObjectMapping: 0.040000 ms MarkObjects: 4.178200 ms  DeleteObjects: 0.087400 ms)

AssetImportParameters requested are different than current active one (requested -> active):
  custom:framework-win-MediaFoundation: 216162199b28c13a410421893ffa2e32 -> 
  custom:video-decoder-ogg-theora: a1e56fd34408186e4bbccfd4996cb3dc -> 
  custom:container-muxer-webm: aa71ff27fc2769a1b78a27578f13a17b -> 
  custom:container-demuxer-webm: 4f35f7cbe854078d1ac9338744f61a02 -> 
  custom:container-demuxer-ogg: 62fdf1f143b41e24485cea50d1cbac27 -> 
  custom:video-encoder-webm-vp8: eb34c28f22e8b96e1ab97ce403110664 -> 
  custom:video-decoder-webm-vp8: 9c59270c3fd7afecdb556c50c9e8de78 -> 
  custom:audio-decoder-ogg-vorbis: bf7c407c2cedff20999df2af8eb42d56 -> 
  custom:audio-encoder-webm-vorbis: bf7c407c2cedff20999df2af8eb42d56 -> 
========================================================================
Received Import Request.
  path: Assets/Tinylytics_AnalyticsTool/Scripts/Editor/AnalyticsTrackerEditor.cs
  artifactKey: Guid(904ce1d8c556c9f4db5722ad24bdff0d) Importer(815301076,1909f56bfc062723c751e8b465ee728b)
Start importing Assets/Tinylytics_AnalyticsTool/Scripts/Editor/AnalyticsTrackerEditor.cs using Guid(904ce1d8c556c9f4db5722ad24bdff0d) Importer(815301076,1909f56bfc062723c751e8b465ee728b)  -> (artifact id: 'cc534835e32a37bf39b42b03164003f2') in 0.045619 seconds 
========================================================================
Received Import Request.
  Time since last request: 0.000356 seconds.
  path: Assets/Tinylytics_AnalyticsTool/Scripts/Editor/BuildInfo_Processor.cs
  artifactKey: Guid(369c21e03952bcb4c8309d77b8eb3881) Importer(815301076,1909f56bfc062723c751e8b465ee728b)
Start importing Assets/Tinylytics_AnalyticsTool/Scripts/Editor/BuildInfo_Processor.cs using Guid(369c21e03952bcb4c8309d77b8eb3881) Importer(815301076,1909f56bfc062723c751e8b465ee728b)  -> (artifact id: '2690e2a4fa4644d2eab90c87f48455d8') in 0.007989 seconds 
========================================================================
Received Import Request.
  Time since last request: 0.000184 seconds.
  path: Assets/Tinylytics_AnalyticsTool/Scripts/Editor/Tinylytics_About.cs
  artifactKey: Guid(dbef766bde2dd3c4a9749ef78839eea7) Importer(815301076,1909f56bfc062723c751e8b465ee728b)
Start importing Assets/Tinylytics_AnalyticsTool/Scripts/Editor/Tinylytics_About.cs using Guid(dbef766bde2dd3c4a9749ef78839eea7) Importer(815301076,1909f56bfc062723c751e8b465ee728b)  -> (artifact id: 'acb04b3fceed02c658ff9578d9ecea85') in 0.007515 seconds 
========================================================================
Received Import Request.
  Time since last request: 8.116877 seconds.
  path: Assets/Tinylytics_AnalyticsTool/Scripts/Editor/Tinylytics_ConfigEditor.cs
  artifactKey: Guid(26db761d4f3c3044b9ffb5b1f66f59ac) Importer(815301076,1909f56bfc062723c751e8b465ee728b)
Start importing Assets/Tinylytics_AnalyticsTool/Scripts/Editor/Tinylytics_ConfigEditor.cs using Guid(26db761d4f3c3044b9ffb5b1f66f59ac) Importer(815301076,1909f56bfc062723c751e8b465ee728b)  -> (artifact id: 'c766154a5bb30c36679586acb4a80ae7') in 0.009740 seconds 
========================================================================
Received Import Request.
  Time since last request: 5.915995 seconds.
  path: Assets/Tinylytics_AnalyticsTool/Scripts/TrackableProperty/TrackableField.cs
  artifactKey: Guid(95bbc9023566f409dbd1ffcaf92764fa) Importer(815301076,1909f56bfc062723c751e8b465ee728b)
Start importing Assets/Tinylytics_AnalyticsTool/Scripts/TrackableProperty/TrackableField.cs using Guid(95bbc9023566f409dbd1ffcaf92764fa) Importer(815301076,1909f56bfc062723c751e8b465ee728b)  -> (artifact id: 'a27c0eb45f86d4912dff89e23b8ce97f') in 0.009474 seconds 
========================================================================
Received Import Request.
  Time since last request: 1.260547 seconds.
  path: Assets/Tinylytics_AnalyticsTool/Scripts/TrackableProperty/ValueProperty.cs
  artifactKey: Guid(ed8c9c39898fb9348aa9d1fafd2510a8) Importer(815301076,1909f56bfc062723c751e8b465ee728b)
Start importing Assets/Tinylytics_AnalyticsTool/Scripts/TrackableProperty/ValueProperty.cs using Guid(ed8c9c39898fb9348aa9d1fafd2510a8) Importer(815301076,1909f56bfc062723c751e8b465ee728b)  -> (artifact id: 'd5fcc6a79364e97afef0e027c21d6009') in 0.011329 seconds 
========================================================================
Received Prepare
Registering precompiled user dll's ...
Registered in 0.004647 seconds.
Begin MonoManager ReloadAssembly
Symbol file LoadedFromMemory doesn't match image C:\Users\Alexander\Desktop\UNITY\AnalyticsTool\AnalyticsToolMainWorking\AnalyticsToolMainWorking\Library\PackageCache\com.unity.collab-proxy@1.15.15\Lib\Editor\PlasticSCM\unityplastic.dll
Native extension for WindowsStandalone target not found
Native extension for WebGL target not found
Refreshing native plugins compatible for Editor in 1.23 ms, found 2 plugins.
Preloading 0 native plugins for Editor in 0.00 ms.
Mono: successfully reloaded assembly
- Completed reload, in  1.323 seconds
Domain Reload Profiling:
	ReloadAssembly (1325ms)
		BeginReloadAssembly (135ms)
			ExecutionOrderSort (0ms)
			DisableScriptedObjects (6ms)
			BackupInstance (0ms)
			ReleaseScriptingObjects (0ms)
			CreateAndSetChildDomain (38ms)
		EndReloadAssembly (1109ms)
			LoadAssemblies (112ms)
			RebuildTransferFunctionScriptingTraits (0ms)
			SetupTypeCache (307ms)
			ReleaseScriptCaches (1ms)
			RebuildScriptCaches (76ms)
			SetupLoadedEditorAssemblies (493ms)
				LogAssemblyErrors (0ms)
				InitializePlatformSupportModulesInManaged (7ms)
				SetLoadedEditorAssemblies (1ms)
				RefreshPlugins (1ms)
				BeforeProcessingInitializeOnLoad (127ms)
				ProcessInitializeOnLoadAttributes (268ms)
				ProcessInitializeOnLoadMethodAttributes (84ms)
				AfterProcessingInitializeOnLoad (4ms)
				EditorAssembliesLoaded (0ms)
			ExecutionOrderSort2 (0ms)
			AwakeInstancesAfterBackupRestoration (11ms)
Platform modules already initialized, skipping
Refreshing native plugins compatible for Editor in 0.70 ms, found 2 plugins.
Preloading 0 native plugins for Editor in 0.00 ms.
Unloading 2293 Unused Serialized files (Serialized files now loaded: 0)
System memory in use before: 92.4 MB.
System memory in use after: 92.6 MB.

Unloading 50 unused Assets to reduce memory usage. Loaded Objects now: 2706.
Total: 6.825900 ms (FindLiveObjects: 0.117500 ms CreateObjectMapping: 0.041000 ms MarkObjects: 6.633700 ms  DeleteObjects: 0.031700 ms)

AssetImportParameters requested are different than current active one (requested -> active):
  custom:framework-win-MediaFoundation: 216162199b28c13a410421893ffa2e32 -> 
  custom:video-decoder-ogg-theora: a1e56fd34408186e4bbccfd4996cb3dc -> 
  custom:container-muxer-webm: aa71ff27fc2769a1b78a27578f13a17b -> 
  custom:container-demuxer-webm: 4f35f7cbe854078d1ac9338744f61a02 -> 
  custom:container-demuxer-ogg: 62fdf1f143b41e24485cea50d1cbac27 -> 
  custom:video-encoder-webm-vp8: eb34c28f22e8b96e1ab97ce403110664 -> 
  custom:video-decoder-webm-vp8: 9c59270c3fd7afecdb556c50c9e8de78 -> 
  custom:audio-decoder-ogg-vorbis: bf7c407c2cedff20999df2af8eb42d56 -> 
  custom:audio-encoder-webm-vorbis: bf7c407c2cedff20999df2af8eb42d56 -> 
========================================================================
Received Prepare
Registering precompiled user dll's ...
Registered in 0.005657 seconds.
Begin MonoManager ReloadAssembly
Symbol file LoadedFromMemory doesn't match image C:\Users\Alexander\Desktop\UNITY\AnalyticsTool\AnalyticsToolMainWorking\AnalyticsToolMainWorking\Library\PackageCache\com.unity.collab-proxy@1.15.15\Lib\Editor\PlasticSCM\unityplastic.dll
Native extension for WindowsStandalone target not found
Native extension for WebGL target not found
Refreshing native plugins compatible for Editor in 0.69 ms, found 2 plugins.
Preloading 0 native plugins for Editor in 0.00 ms.
Mono: successfully reloaded assembly
- Completed reload, in  1.467 seconds
Domain Reload Profiling:
	ReloadAssembly (1468ms)
		BeginReloadAssembly (158ms)
			ExecutionOrderSort (0ms)
			DisableScriptedObjects (9ms)
			BackupInstance (0ms)
			ReleaseScriptingObjects (0ms)
			CreateAndSetChildDomain (45ms)
		EndReloadAssembly (1199ms)
			LoadAssemblies (147ms)
			RebuildTransferFunctionScriptingTraits (0ms)
			SetupTypeCache (397ms)
			ReleaseScriptCaches (2ms)
			RebuildScriptCaches (51ms)
			SetupLoadedEditorAssemblies (467ms)
				LogAssemblyErrors (0ms)
				InitializePlatformSupportModulesInManaged (6ms)
				SetLoadedEditorAssemblies (0ms)
				RefreshPlugins (1ms)
				BeforeProcessingInitializeOnLoad (117ms)
				ProcessInitializeOnLoadAttributes (248ms)
				ProcessInitializeOnLoadMethodAttributes (87ms)
				AfterProcessingInitializeOnLoad (7ms)
				EditorAssembliesLoaded (1ms)
			ExecutionOrderSort2 (0ms)
			AwakeInstancesAfterBackupRestoration (17ms)
Platform modules already initialized, skipping
Refreshing native plugins compatible for Editor in 0.57 ms, found 2 plugins.
Preloading 0 native plugins for Editor in 0.00 ms.
Unloading 2293 Unused Serialized files (Serialized files now loaded: 0)
System memory in use before: 92.5 MB.
System memory in use after: 92.7 MB.

Unloading 50 unused Assets to reduce memory usage. Loaded Objects now: 2709.
Total: 6.660600 ms (FindLiveObjects: 0.143000 ms CreateObjectMapping: 0.053200 ms MarkObjects: 6.434900 ms  DeleteObjects: 0.028100 ms)

AssetImportParameters requested are different than current active one (requested -> active):
  custom:framework-win-MediaFoundation: 216162199b28c13a410421893ffa2e32 -> 
  custom:video-decoder-ogg-theora: a1e56fd34408186e4bbccfd4996cb3dc -> 
  custom:container-muxer-webm: aa71ff27fc2769a1b78a27578f13a17b -> 
  custom:container-demuxer-webm: 4f35f7cbe854078d1ac9338744f61a02 -> 
  custom:container-demuxer-ogg: 62fdf1f143b41e24485cea50d1cbac27 -> 
  custom:video-encoder-webm-vp8: eb34c28f22e8b96e1ab97ce403110664 -> 
  custom:video-decoder-webm-vp8: 9c59270c3fd7afecdb556c50c9e8de78 -> 
  custom:audio-decoder-ogg-vorbis: bf7c407c2cedff20999df2af8eb42d56 -> 
  custom:audio-encoder-webm-vorbis: bf7c407c2cedff20999df2af8eb42d56 -> 
========================================================================
Received Prepare
Registering precompiled user dll's ...
Registered in 0.006001 seconds.
Begin MonoManager ReloadAssembly
Symbol file LoadedFromMemory doesn't match image C:\Users\Alexander\Desktop\UNITY\AnalyticsTool\AnalyticsToolMainWorking\AnalyticsToolMainWorking\Library\PackageCache\com.unity.collab-proxy@1.15.15\Lib\Editor\PlasticSCM\unityplastic.dll
Native extension for WindowsStandalone target not found
Native extension for WebGL target not found
Refreshing native plugins compatible for Editor in 0.53 ms, found 2 plugins.
Preloading 0 native plugins for Editor in 0.00 ms.
Mono: successfully reloaded assembly
- Completed reload, in  1.205 seconds
Domain Reload Profiling:
	ReloadAssembly (1205ms)
		BeginReloadAssembly (121ms)
			ExecutionOrderSort (0ms)
			DisableScriptedObjects (7ms)
			BackupInstance (0ms)
			ReleaseScriptingObjects (0ms)
			CreateAndSetChildDomain (31ms)
		EndReloadAssembly (1019ms)
			LoadAssemblies (107ms)
			RebuildTransferFunctionScriptingTraits (0ms)
			SetupTypeCache (341ms)
			ReleaseScriptCaches (2ms)
			RebuildScriptCaches (54ms)
			SetupLoadedEditorAssemblies (421ms)
				LogAssemblyErrors (0ms)
				InitializePlatformSupportModulesInManaged (6ms)
				SetLoadedEditorAssemblies (0ms)
				RefreshPlugins (1ms)
				BeforeProcessingInitializeOnLoad (162ms)
				ProcessInitializeOnLoadAttributes (183ms)
				ProcessInitializeOnLoadMethodAttributes (62ms)
				AfterProcessingInitializeOnLoad (7ms)
				EditorAssembliesLoaded (0ms)
			ExecutionOrderSort2 (0ms)
			AwakeInstancesAfterBackupRestoration (7ms)
Platform modules already initialized, skipping
Refreshing native plugins compatible for Editor in 1.25 ms, found 2 plugins.
Preloading 0 native plugins for Editor in 0.00 ms.
Unloading 2293 Unused Serialized files (Serialized files now loaded: 0)
System memory in use before: 92.5 MB.
System memory in use after: 92.7 MB.

Unloading 50 unused Assets to reduce memory usage. Loaded Objects now: 2712.
Total: 5.489500 ms (FindLiveObjects: 0.129900 ms CreateObjectMapping: 0.063300 ms MarkObjects: 5.264500 ms  DeleteObjects: 0.030900 ms)

AssetImportParameters requested are different than current active one (requested -> active):
  custom:framework-win-MediaFoundation: 216162199b28c13a410421893ffa2e32 -> 
  custom:video-decoder-ogg-theora: a1e56fd34408186e4bbccfd4996cb3dc -> 
  custom:container-muxer-webm: aa71ff27fc2769a1b78a27578f13a17b -> 
  custom:container-demuxer-webm: 4f35f7cbe854078d1ac9338744f61a02 -> 
  custom:container-demuxer-ogg: 62fdf1f143b41e24485cea50d1cbac27 -> 
  custom:video-encoder-webm-vp8: eb34c28f22e8b96e1ab97ce403110664 -> 
  custom:video-decoder-webm-vp8: 9c59270c3fd7afecdb556c50c9e8de78 -> 
  custom:audio-decoder-ogg-vorbis: bf7c407c2cedff20999df2af8eb42d56 -> 
  custom:audio-encoder-webm-vorbis: bf7c407c2cedff20999df2af8eb42d56 -> 
========================================================================
Received Prepare
Registering precompiled user dll's ...
Registered in 0.004253 seconds.
Begin MonoManager ReloadAssembly
Symbol file LoadedFromMemory doesn't match image C:\Users\Alexander\Desktop\UNITY\AnalyticsTool\AnalyticsToolMainWorking\AnalyticsToolMainWorking\Library\PackageCache\com.unity.collab-proxy@1.15.15\Lib\Editor\PlasticSCM\unityplastic.dll
Native extension for WindowsStandalone target not found
Native extension for WebGL target not found
Refreshing native plugins compatible for Editor in 0.69 ms, found 2 plugins.
Preloading 0 native plugins for Editor in 0.00 ms.
Mono: successfully reloaded assembly
- Completed reload, in  1.349 seconds
Domain Reload Profiling:
	ReloadAssembly (1349ms)
		BeginReloadAssembly (131ms)
			ExecutionOrderSort (0ms)
			DisableScriptedObjects (8ms)
			BackupInstance (0ms)
			ReleaseScriptingObjects (0ms)
			CreateAndSetChildDomain (42ms)
		EndReloadAssembly (1140ms)
			LoadAssemblies (108ms)
			RebuildTransferFunctionScriptingTraits (0ms)
			SetupTypeCache (325ms)
			ReleaseScriptCaches (2ms)
			RebuildScriptCaches (75ms)
			SetupLoadedEditorAssemblies (522ms)
				LogAssemblyErrors (0ms)
				InitializePlatformSupportModulesInManaged (5ms)
				SetLoadedEditorAssemblies (1ms)
				RefreshPlugins (1ms)
				BeforeProcessingInitializeOnLoad (135ms)
				ProcessInitializeOnLoadAttributes (274ms)
				ProcessInitializeOnLoadMethodAttributes (97ms)
				AfterProcessingInitializeOnLoad (9ms)
				EditorAssembliesLoaded (0ms)
			ExecutionOrderSort2 (0ms)
			AwakeInstancesAfterBackupRestoration (11ms)
Platform modules already initialized, skipping
Refreshing native plugins compatible for Editor in 0.64 ms, found 2 plugins.
Preloading 0 native plugins for Editor in 0.00 ms.
Unloading 2293 Unused Serialized files (Serialized files now loaded: 0)
System memory in use before: 92.5 MB.
System memory in use after: 92.7 MB.

Unloading 50 unused Assets to reduce memory usage. Loaded Objects now: 2715.
Total: 5.963800 ms (FindLiveObjects: 0.138200 ms CreateObjectMapping: 0.038900 ms MarkObjects: 5.737400 ms  DeleteObjects: 0.048200 ms)

AssetImportParameters requested are different than current active one (requested -> active):
  custom:framework-win-MediaFoundation: 216162199b28c13a410421893ffa2e32 -> 
  custom:video-decoder-ogg-theora: a1e56fd34408186e4bbccfd4996cb3dc -> 
  custom:container-muxer-webm: aa71ff27fc2769a1b78a27578f13a17b -> 
  custom:container-demuxer-webm: 4f35f7cbe854078d1ac9338744f61a02 -> 
  custom:container-demuxer-ogg: 62fdf1f143b41e24485cea50d1cbac27 -> 
  custom:video-encoder-webm-vp8: eb34c28f22e8b96e1ab97ce403110664 -> 
  custom:video-decoder-webm-vp8: 9c59270c3fd7afecdb556c50c9e8de78 -> 
  custom:audio-decoder-ogg-vorbis: bf7c407c2cedff20999df2af8eb42d56 -> 
  custom:audio-encoder-webm-vorbis: bf7c407c2cedff20999df2af8eb42d56 -> 
========================================================================
Received Import Request.
  Time since last request: 333.587907 seconds.
  path: Assets/Tinylytics_AnalyticsTool/Tinylytics Setup Guide.pdf
  artifactKey: Guid(53a4d78d3baac4a40b18768cd2106adf) Importer(815301076,1909f56bfc062723c751e8b465ee728b)
Start importing Assets/Tinylytics_AnalyticsTool/Tinylytics Setup Guide.pdf using Guid(53a4d78d3baac4a40b18768cd2106adf) Importer(815301076,1909f56bfc062723c751e8b465ee728b)  -> (artifact id: '0122c3b495ee0a59d6d878a7e0a014a0') in 0.022320 seconds 
========================================================================
Received Prepare
Registering precompiled user dll's ...
Registered in 0.004120 seconds.
Begin MonoManager ReloadAssembly
Symbol file LoadedFromMemory doesn't match image C:\Users\Alexander\Desktop\UNITY\AnalyticsTool\AnalyticsToolMainWorking\AnalyticsToolMainWorking\Library\PackageCache\com.unity.collab-proxy@1.15.15\Lib\Editor\PlasticSCM\unityplastic.dll
Native extension for WindowsStandalone target not found
Native extension for WebGL target not found
Refreshing native plugins compatible for Editor in 0.91 ms, found 2 plugins.
Preloading 0 native plugins for Editor in 0.00 ms.
Mono: successfully reloaded assembly
- Completed reload, in  1.291 seconds
Domain Reload Profiling:
	ReloadAssembly (1292ms)
		BeginReloadAssembly (158ms)
			ExecutionOrderSort (0ms)
			DisableScriptedObjects (11ms)
			BackupInstance (0ms)
			ReleaseScriptingObjects (0ms)
			CreateAndSetChildDomain (52ms)
		EndReloadAssembly (1034ms)
			LoadAssemblies (133ms)
			RebuildTransferFunctionScriptingTraits (0ms)
			SetupTypeCache (308ms)
			ReleaseScriptCaches (1ms)
			RebuildScriptCaches (52ms)
			SetupLoadedEditorAssemblies (442ms)
				LogAssemblyErrors (0ms)
				InitializePlatformSupportModulesInManaged (5ms)
				SetLoadedEditorAssemblies (1ms)
				RefreshPlugins (1ms)
				BeforeProcessingInitializeOnLoad (151ms)
				ProcessInitializeOnLoadAttributes (193ms)
				ProcessInitializeOnLoadMethodAttributes (85ms)
				AfterProcessingInitializeOnLoad (5ms)
				EditorAssembliesLoaded (0ms)
			ExecutionOrderSort2 (0ms)
			AwakeInstancesAfterBackupRestoration (7ms)
Platform modules already initialized, skipping
Refreshing native plugins compatible for Editor in 0.72 ms, found 2 plugins.
Preloading 0 native plugins for Editor in 0.00 ms.
Unloading 2287 Unused Serialized files (Serialized files now loaded: 0)
System memory in use before: 92.3 MB.
System memory in use after: 92.5 MB.

Unloading 50 unused Assets to reduce memory usage. Loaded Objects now: 2718.
Total: 5.243900 ms (FindLiveObjects: 0.140200 ms CreateObjectMapping: 0.058000 ms MarkObjects: 5.018100 ms  DeleteObjects: 0.026700 ms)

AssetImportParameters requested are different than current active one (requested -> active):
  custom:framework-win-MediaFoundation: 216162199b28c13a410421893ffa2e32 -> 
  custom:video-decoder-ogg-theora: a1e56fd34408186e4bbccfd4996cb3dc -> 
  custom:container-muxer-webm: aa71ff27fc2769a1b78a27578f13a17b -> 
  custom:container-demuxer-webm: 4f35f7cbe854078d1ac9338744f61a02 -> 
  custom:container-demuxer-ogg: 62fdf1f143b41e24485cea50d1cbac27 -> 
  custom:video-encoder-webm-vp8: eb34c28f22e8b96e1ab97ce403110664 -> 
  custom:video-decoder-webm-vp8: 9c59270c3fd7afecdb556c50c9e8de78 -> 
  custom:audio-decoder-ogg-vorbis: bf7c407c2cedff20999df2af8eb42d56 -> 
  custom:audio-encoder-webm-vorbis: bf7c407c2cedff20999df2af8eb42d56 -> 
========================================================================
Received Import Request.
  Time since last request: 54.642123 seconds.
  path: Assets/Tinylytics_AnalyticsTool/Resources/Tinylytics_URLConfig.asset
  artifactKey: Guid(95602ead8dafbdd42adf5112daadaa30) Importer(815301076,1909f56bfc062723c751e8b465ee728b)
Start importing Assets/Tinylytics_AnalyticsTool/Resources/Tinylytics_URLConfig.asset using Guid(95602ead8dafbdd42adf5112daadaa30) Importer(815301076,1909f56bfc062723c751e8b465ee728b)  -> (artifact id: '8b4bf1e4918787ac44d1a1c50f5b0ed2') in 0.029330 seconds 
========================================================================
Received Import Request.
  Time since last request: 333.367102 seconds.
  path: Assets/Build Testing/BuildTesting_Scene1.unity
  artifactKey: Guid(f3bff87104ddd454492abf5f6b0f600f) Importer(815301076,1909f56bfc062723c751e8b465ee728b)
Start importing Assets/Build Testing/BuildTesting_Scene1.unity using Guid(f3bff87104ddd454492abf5f6b0f600f) Importer(815301076,1909f56bfc062723c751e8b465ee728b)  -> (artifact id: 'bc58976f4ed5a4322aafcd935331b6a2') in 0.008260 seconds 
========================================================================
Received Import Request.
  Time since last request: 4.874984 seconds.
  path: Assets/Build Testing/BuildTesting_Scene2.unity
  artifactKey: Guid(037494500f31f254ea18d5c4260afe13) Importer(815301076,1909f56bfc062723c751e8b465ee728b)
Start importing Assets/Build Testing/BuildTesting_Scene2.unity using Guid(037494500f31f254ea18d5c4260afe13) Importer(815301076,1909f56bfc062723c751e8b465ee728b)  -> (artifact id: 'be9ce313f732dcfa4cda293751be2531') in 0.008608 seconds 
========================================================================
Received Import Request.
  Time since last request: 17.201064 seconds.
  path: Assets/Tinylytics_AnalyticsTool/_DemoScene/ExampleScene.unity
  artifactKey: Guid(7f93fe4c06fe6394ab44b831d66289c5) Importer(815301076,1909f56bfc062723c751e8b465ee728b)
Start importing Assets/Tinylytics_AnalyticsTool/_DemoScene/ExampleScene.unity using Guid(7f93fe4c06fe6394ab44b831d66289c5) Importer(815301076,1909f56bfc062723c751e8b465ee728b)  -> (artifact id: 'eb3be4626e938bb995a8c8d517882edd') in 0.008411 seconds 
========================================================================
Received Prepare
Refreshing native plugins compatible for Editor in 7.91 ms, found 2 plugins.
Preloading 0 native plugins for Editor in 0.00 ms.
Unloading 49 Unused Serialized files (Serialized files now loaded: 0)
System memory in use before: 47.1 MB.
System memory in use after: 47.3 MB.

Unloading 48 unused Assets to reduce memory usage. Loaded Objects now: 2718.
Total: 10.324300 ms (FindLiveObjects: 0.146500 ms CreateObjectMapping: 0.066800 ms MarkObjects: 10.016500 ms  DeleteObjects: 0.076900 ms)

AssetImportParameters requested are different than current active one (requested -> active):
  custom:framework-win-MediaFoundation: 216162199b28c13a410421893ffa2e32 -> 
  custom:video-decoder-ogg-theora: a1e56fd34408186e4bbccfd4996cb3dc -> 
  custom:container-muxer-webm: aa71ff27fc2769a1b78a27578f13a17b -> 
  custom:container-demuxer-webm: 4f35f7cbe854078d1ac9338744f61a02 -> 
  custom:container-demuxer-ogg: 62fdf1f143b41e24485cea50d1cbac27 -> 
  custom:video-encoder-webm-vp8: eb34c28f22e8b96e1ab97ce403110664 -> 
  custom:video-decoder-webm-vp8: 9c59270c3fd7afecdb556c50c9e8de78 -> 
  custom:audio-decoder-ogg-vorbis: bf7c407c2cedff20999df2af8eb42d56 -> 
  custom:audio-encoder-webm-vorbis: bf7c407c2cedff20999df2af8eb42d56 -> 
========================================================================
Received Prepare
Registering precompiled user dll's ...
Registered in 0.006441 seconds.
Begin MonoManager ReloadAssembly
Symbol file LoadedFromMemory doesn't match image C:\Users\Alexander\Desktop\UNITY\AnalyticsTool\AnalyticsToolMainWorking\AnalyticsToolMainWorking\Library\PackageCache\com.unity.collab-proxy@1.15.15\Lib\Editor\PlasticSCM\unityplastic.dll
Native extension for WindowsStandalone target not found
Native extension for WebGL target not found
Refreshing native plugins compatible for Editor in 1.05 ms, found 2 plugins.
Preloading 0 native plugins for Editor in 0.00 ms.
Mono: successfully reloaded assembly
- Completed reload, in  1.497 seconds
Domain Reload Profiling:
	ReloadAssembly (1497ms)
		BeginReloadAssembly (150ms)
			ExecutionOrderSort (0ms)
			DisableScriptedObjects (7ms)
			BackupInstance (0ms)
			ReleaseScriptingObjects (0ms)
			CreateAndSetChildDomain (44ms)
		EndReloadAssembly (1259ms)
			LoadAssemblies (134ms)
			RebuildTransferFunctionScriptingTraits (0ms)
			SetupTypeCache (384ms)
			ReleaseScriptCaches (2ms)
			RebuildScriptCaches (80ms)
			SetupLoadedEditorAssemblies (520ms)
				LogAssemblyErrors (0ms)
				InitializePlatformSupportModulesInManaged (11ms)
				SetLoadedEditorAssemblies (1ms)
				RefreshPlugins (1ms)
				BeforeProcessingInitializeOnLoad (161ms)
				ProcessInitializeOnLoadAttributes (268ms)
				ProcessInitializeOnLoadMethodAttributes (73ms)
				AfterProcessingInitializeOnLoad (4ms)
				EditorAssembliesLoaded (0ms)
			ExecutionOrderSort2 (0ms)
			AwakeInstancesAfterBackupRestoration (6ms)
Platform modules already initialized, skipping
Refreshing native plugins compatible for Editor in 0.66 ms, found 2 plugins.
Preloading 0 native plugins for Editor in 0.00 ms.
Unloading 2287 Unused Serialized files (Serialized files now loaded: 0)
System memory in use before: 92.4 MB.
System memory in use after: 92.6 MB.

Unloading 50 unused Assets to reduce memory usage. Loaded Objects now: 2721.
Total: 6.302200 ms (FindLiveObjects: 0.138000 ms CreateObjectMapping: 0.057400 ms MarkObjects: 6.043400 ms  DeleteObjects: 0.062200 ms)

AssetImportParameters requested are different than current active one (requested -> active):
  custom:framework-win-MediaFoundation: 216162199b28c13a410421893ffa2e32 -> 
  custom:video-decoder-ogg-theora: a1e56fd34408186e4bbccfd4996cb3dc -> 
  custom:container-muxer-webm: aa71ff27fc2769a1b78a27578f13a17b -> 
  custom:container-demuxer-webm: 4f35f7cbe854078d1ac9338744f61a02 -> 
  custom:container-demuxer-ogg: 62fdf1f143b41e24485cea50d1cbac27 -> 
  custom:video-encoder-webm-vp8: eb34c28f22e8b96e1ab97ce403110664 -> 
  custom:video-decoder-webm-vp8: 9c59270c3fd7afecdb556c50c9e8de78 -> 
  custom:audio-decoder-ogg-vorbis: bf7c407c2cedff20999df2af8eb42d56 -> 
  custom:audio-encoder-webm-vorbis: bf7c407c2cedff20999df2af8eb42d56 -> 
========================================================================
Received Import Request.
  Time since last request: 555.935583 seconds.
  path: Assets/Tinylytics_AnalyticsTool/_DemoScene/SendDataViaCallInScript_Example.cs
  artifactKey: Guid(dd83b736b25509149ad649470e490aff) Importer(815301076,1909f56bfc062723c751e8b465ee728b)
Start importing Assets/Tinylytics_AnalyticsTool/_DemoScene/SendDataViaCallInScript_Example.cs using Guid(dd83b736b25509149ad649470e490aff) Importer(815301076,1909f56bfc062723c751e8b465ee728b)  -> (artifact id: '408bf635be1572d9e941a6f5593b29d0') in 0.015630 seconds 
========================================================================
Received Import Request.
  Time since last request: 0.030868 seconds.
  path: Assets/Tinylytics_AnalyticsTool/Scripts/BackendManager.cs
  artifactKey: Guid(d569f39d7a749ab4fa5bee06773a0adc) Importer(815301076,1909f56bfc062723c751e8b465ee728b)
Start importing Assets/Tinylytics_AnalyticsTool/Scripts/BackendManager.cs using Guid(d569f39d7a749ab4fa5bee06773a0adc) Importer(815301076,1909f56bfc062723c751e8b465ee728b)  -> (artifact id: 'b9528bc4bba0d0f1cfe753daac202b35') in 0.006979 seconds 
========================================================================
Received Import Request.
  Time since last request: 0.014132 seconds.
  path: Assets/Tinylytics_AnalyticsTool/Scripts/AnalyticsManager.cs
  artifactKey: Guid(45ebce1f985af9e41a5df8c48dc45d07) Importer(815301076,1909f56bfc062723c751e8b465ee728b)
Start importing Assets/Tinylytics_AnalyticsTool/Scripts/AnalyticsManager.cs using Guid(45ebce1f985af9e41a5df8c48dc45d07) Importer(815301076,1909f56bfc062723c751e8b465ee728b)  -> (artifact id: 'f16d18964b348fa1a565d1f96a808cce') in 0.006464 seconds 
========================================================================
Received Import Request.
  Time since last request: 0.011645 seconds.
  path: Assets/Tinylytics_AnalyticsTool/Resources/Tinylytics_URLConfig.asset
  artifactKey: Guid(95602ead8dafbdd42adf5112daadaa30) Importer(815301076,1909f56bfc062723c751e8b465ee728b)
Start importing Assets/Tinylytics_AnalyticsTool/Resources/Tinylytics_URLConfig.asset using Guid(95602ead8dafbdd42adf5112daadaa30) Importer(815301076,1909f56bfc062723c751e8b465ee728b)  -> (artifact id: 'bfa547e7dd46b7407007b7b674298e32') in 0.023891 seconds 
========================================================================
Received Import Request.
  Time since last request: 0.015742 seconds.
  path: Assets/Tinylytics_AnalyticsTool/Scripts/AnalyticsTrigger.cs
  artifactKey: Guid(b0f85ebf8b572e448a534caa40e35ce0) Importer(815301076,1909f56bfc062723c751e8b465ee728b)
Start importing Assets/Tinylytics_AnalyticsTool/Scripts/AnalyticsTrigger.cs using Guid(b0f85ebf8b572e448a534caa40e35ce0) Importer(815301076,1909f56bfc062723c751e8b465ee728b)  -> (artifact id: '2a48a051ef2af552a6d0ca7b1fd780b8') in 0.006563 seconds 
========================================================================
Received Import Request.
  Time since last request: 0.010734 seconds.
  path: Assets/Tinylytics_AnalyticsTool/Scripts/Tinylytics_Config.cs
  artifactKey: Guid(ebc25b0c2142be1419842db66d325513) Importer(815301076,1909f56bfc062723c751e8b465ee728b)
Start importing Assets/Tinylytics_AnalyticsTool/Scripts/Tinylytics_Config.cs using Guid(ebc25b0c2142be1419842db66d325513) Importer(815301076,1909f56bfc062723c751e8b465ee728b)  -> (artifact id: '31165a0da228092e85b19d8e8acb1156') in 0.005979 seconds 
========================================================================
Received Import Request.
  Time since last request: 0.017593 seconds.
  path: Assets/Tinylytics_AnalyticsTool/Scripts/AnalyticsInitializer.cs
  artifactKey: Guid(e0cf15d3142e196448f54d57f46c7f3e) Importer(815301076,1909f56bfc062723c751e8b465ee728b)
Start importing Assets/Tinylytics_AnalyticsTool/Scripts/AnalyticsInitializer.cs using Guid(e0cf15d3142e196448f54d57f46c7f3e) Importer(815301076,1909f56bfc062723c751e8b465ee728b)  -> (artifact id: '68eaaa177f041bad09e3fa6e961b33f4') in 0.006583 seconds 
========================================================================
Received Import Request.
  Time since last request: 0.018351 seconds.
  path: Assets/Tinylytics_AnalyticsTool/Scripts/BuildInfo.cs
  artifactKey: Guid(784ac992eb4cd8d4d9a6c3fb6a5f7f18) Importer(815301076,1909f56bfc062723c751e8b465ee728b)
Start importing Assets/Tinylytics_AnalyticsTool/Scripts/BuildInfo.cs using Guid(784ac992eb4cd8d4d9a6c3fb6a5f7f18) Importer(815301076,1909f56bfc062723c751e8b465ee728b)  -> (artifact id: 'f53ccaf95a817c322ebfbdf84effa4e6') in 0.006434 seconds 
AssetImportWorkerClient::OnTransportError - code=2 error=End of file
